Component: ARM Compiler 5.06 update 6 (build 750) Tool: armlink [4d35ed]

==============================================================================

Section Cross References

    startup_py32f002bxx.o(RESET) refers to startup_py32f002bxx.o(STACK) for __initial_sp
    startup_py32f002bxx.o(RESET) refers to startup_py32f002bxx.o(.text) for Reset_Handler
    startup_py32f002bxx.o(RESET) refers to py32f002b_it.o(i.NMI_Handler) for NMI_Handler
    startup_py32f002bxx.o(RESET) refers to py32f002b_it.o(i.HardFault_Handler) for HardFault_Handler
    startup_py32f002bxx.o(RESET) refers to py32f002b_it.o(i.SVC_Handler) for SVC_Handler
    startup_py32f002bxx.o(RESET) refers to py32f002b_it.o(i.PendSV_Handler) for PendSV_Handler
    startup_py32f002bxx.o(RESET) refers to py32f002b_it.o(i.SysTick_Handler) for SysTick_Handler
    startup_py32f002bxx.o(.text) refers to system_py32f002b.o(i.SystemInit) for SystemInit
    startup_py32f002bxx.o(.text) refers to entry.o(.ARM.Collect$$$$00000000) for __main
    system_py32f002b.o(i.SystemCoreClockUpdate) refers to uidiv.o(.text) for __aeabi_uidivmod
    system_py32f002b.o(i.SystemCoreClockUpdate) refers to system_py32f002b.o(.data) for SystemCoreClock
    system_py32f002b.o(i.SystemCoreClockUpdate) refers to system_py32f002b.o(.constdata) for HSIFreqTable
    system_py32f002b.o(i.SystemInit) refers to system_py32f002b.o(i.DelayTime) for DelayTime
    main.o(i.main) refers to py32f002b_hal.o(i.HAL_Init) for HAL_Init
    main.o(i.main) refers to py32f002b_hal_uart.o(i.HAL_UART_Init) for HAL_UART_Init
    main.o(i.main) refers to py32f002b_hal_uart.o(i.HAL_UART_Transmit) for HAL_UART_Transmit
    main.o(i.main) refers to main.o(i.APP_ErrorHandler) for APP_ErrorHandler
    main.o(i.main) refers to py32f002b_hal_uart.o(i.HAL_UART_Receive) for HAL_UART_Receive
    main.o(i.main) refers to main.o(.bss) for UartHandle
    main.o(i.main) refers to main.o(.data) for aTxBuffer
    py32f002b_hal_msp.o(i.HAL_UART_MspInit) refers to py32f002b_hal_gpio.o(i.HAL_GPIO_Init) for HAL_GPIO_Init
    py32f002b_hal_msp.o(i.HAL_UART_MspInit) refers to py32f002b_hal_cortex.o(i.HAL_NVIC_SetPriority) for HAL_NVIC_SetPriority
    py32f002b_hal_msp.o(i.HAL_UART_MspInit) refers to py32f002b_hal_cortex.o(i.HAL_NVIC_EnableIRQ) for HAL_NVIC_EnableIRQ
    py32f002b_it.o(i.SysTick_Handler) refers to py32f002b_hal.o(i.HAL_IncTick) for HAL_IncTick
    py32f002bxx_start_kit.o(i.BSP_LED_DeInit) refers to py32f002b_hal_gpio.o(i.HAL_GPIO_WritePin) for HAL_GPIO_WritePin
    py32f002bxx_start_kit.o(i.BSP_LED_DeInit) refers to py32f002b_hal_gpio.o(i.HAL_GPIO_DeInit) for HAL_GPIO_DeInit
    py32f002bxx_start_kit.o(i.BSP_LED_DeInit) refers to py32f002bxx_start_kit.o(.constdata) for LED_PIN
    py32f002bxx_start_kit.o(i.BSP_LED_DeInit) refers to py32f002bxx_start_kit.o(.data) for LED_PORT
    py32f002bxx_start_kit.o(i.BSP_LED_Init) refers to py32f002b_hal_gpio.o(i.HAL_GPIO_Init) for HAL_GPIO_Init
    py32f002bxx_start_kit.o(i.BSP_LED_Init) refers to py32f002b_hal_gpio.o(i.HAL_GPIO_WritePin) for HAL_GPIO_WritePin
    py32f002bxx_start_kit.o(i.BSP_LED_Init) refers to py32f002bxx_start_kit.o(.constdata) for LED_PIN
    py32f002bxx_start_kit.o(i.BSP_LED_Init) refers to py32f002bxx_start_kit.o(.data) for LED_PORT
    py32f002bxx_start_kit.o(i.BSP_LED_Off) refers to py32f002b_hal_gpio.o(i.HAL_GPIO_WritePin) for HAL_GPIO_WritePin
    py32f002bxx_start_kit.o(i.BSP_LED_Off) refers to py32f002bxx_start_kit.o(.constdata) for LED_PIN
    py32f002bxx_start_kit.o(i.BSP_LED_Off) refers to py32f002bxx_start_kit.o(.data) for LED_PORT
    py32f002bxx_start_kit.o(i.BSP_LED_On) refers to py32f002b_hal_gpio.o(i.HAL_GPIO_WritePin) for HAL_GPIO_WritePin
    py32f002bxx_start_kit.o(i.BSP_LED_On) refers to py32f002bxx_start_kit.o(.constdata) for LED_PIN
    py32f002bxx_start_kit.o(i.BSP_LED_On) refers to py32f002bxx_start_kit.o(.data) for LED_PORT
    py32f002bxx_start_kit.o(i.BSP_LED_Toggle) refers to py32f002b_hal_gpio.o(i.HAL_GPIO_TogglePin) for HAL_GPIO_TogglePin
    py32f002bxx_start_kit.o(i.BSP_LED_Toggle) refers to py32f002bxx_start_kit.o(.constdata) for LED_PIN
    py32f002bxx_start_kit.o(i.BSP_LED_Toggle) refers to py32f002bxx_start_kit.o(.data) for LED_PORT
    py32f002bxx_start_kit.o(i.BSP_PB_DeInit) refers to py32f002b_hal_cortex.o(i.HAL_NVIC_DisableIRQ) for HAL_NVIC_DisableIRQ
    py32f002bxx_start_kit.o(i.BSP_PB_DeInit) refers to py32f002b_hal_gpio.o(i.HAL_GPIO_DeInit) for HAL_GPIO_DeInit
    py32f002bxx_start_kit.o(i.BSP_PB_DeInit) refers to py32f002bxx_start_kit.o(.constdata) for BUTTON_PIN
    py32f002bxx_start_kit.o(i.BSP_PB_DeInit) refers to py32f002bxx_start_kit.o(.data) for BUTTON_PORT
    py32f002bxx_start_kit.o(i.BSP_PB_GetState) refers to py32f002b_hal_gpio.o(i.HAL_GPIO_ReadPin) for HAL_GPIO_ReadPin
    py32f002bxx_start_kit.o(i.BSP_PB_GetState) refers to py32f002bxx_start_kit.o(.constdata) for BUTTON_PIN
    py32f002bxx_start_kit.o(i.BSP_PB_GetState) refers to py32f002bxx_start_kit.o(.data) for BUTTON_PORT
    py32f002bxx_start_kit.o(i.BSP_PB_Init) refers to py32f002b_hal_gpio.o(i.HAL_GPIO_Init) for HAL_GPIO_Init
    py32f002bxx_start_kit.o(i.BSP_PB_Init) refers to py32f002b_hal_cortex.o(i.HAL_NVIC_SetPriority) for HAL_NVIC_SetPriority
    py32f002bxx_start_kit.o(i.BSP_PB_Init) refers to py32f002b_hal_cortex.o(i.HAL_NVIC_EnableIRQ) for HAL_NVIC_EnableIRQ
    py32f002bxx_start_kit.o(i.BSP_PB_Init) refers to py32f002bxx_start_kit.o(.constdata) for BUTTON_PIN
    py32f002bxx_start_kit.o(i.BSP_PB_Init) refers to py32f002bxx_start_kit.o(.data) for BUTTON_PORT
    py32f002bxx_start_kit.o(i.BSP_USART_Config) refers to py32f002b_hal_uart.o(i.HAL_UART_Init) for HAL_UART_Init
    py32f002bxx_start_kit.o(i.BSP_USART_Config) refers to py32f002b_hal_gpio.o(i.HAL_GPIO_Init) for HAL_GPIO_Init
    py32f002bxx_start_kit.o(i.BSP_USART_Config) refers to py32f002b_hal_cortex.o(i.HAL_NVIC_SetPriority) for HAL_NVIC_SetPriority
    py32f002bxx_start_kit.o(i.BSP_USART_Config) refers to py32f002b_hal_cortex.o(i.HAL_NVIC_EnableIRQ) for HAL_NVIC_EnableIRQ
    py32f002bxx_start_kit.o(i.BSP_USART_Config) refers to py32f002bxx_start_kit.o(.bss) for DebugUartHandle
    py32f002bxx_start_kit.o(i.fgetc) refers to py32f002b_hal_uart.o(i.HAL_UART_Receive) for HAL_UART_Receive
    py32f002bxx_start_kit.o(i.fgetc) refers to py32f002bxx_start_kit.o(.bss) for DebugUartHandle
    py32f002bxx_start_kit.o(i.fputc) refers to py32f002b_hal_uart.o(i.HAL_UART_Transmit) for HAL_UART_Transmit
    py32f002bxx_start_kit.o(i.fputc) refers to py32f002bxx_start_kit.o(.bss) for DebugUartHandle
    py32f002b_hal.o(i.HAL_DeInit) refers to py32f002b_hal.o(i.HAL_MspDeInit) for HAL_MspDeInit
    py32f002b_hal.o(i.HAL_Delay) refers to py32f002b_hal.o(i.HAL_GetTick) for HAL_GetTick
    py32f002b_hal.o(i.HAL_Delay) refers to py32f002b_hal.o(.data) for uwTickFreq
    py32f002b_hal.o(i.HAL_GetTick) refers to py32f002b_hal.o(.data) for uwTick
    py32f002b_hal.o(i.HAL_GetTickFreq) refers to py32f002b_hal.o(.data) for uwTickFreq
    py32f002b_hal.o(i.HAL_GetTickPrio) refers to py32f002b_hal.o(.data) for uwTickPrio
    py32f002b_hal.o(i.HAL_IncTick) refers to py32f002b_hal.o(.data) for uwTick
    py32f002b_hal.o(i.HAL_Init) refers to py32f002b_hal.o(i.HAL_InitTick) for HAL_InitTick
    py32f002b_hal.o(i.HAL_Init) refers to py32f002b_hal_msp.o(i.HAL_MspInit) for HAL_MspInit
    py32f002b_hal.o(i.HAL_InitTick) refers to uidiv.o(.text) for __aeabi_uidivmod
    py32f002b_hal.o(i.HAL_InitTick) refers to py32f002b_hal_cortex.o(i.HAL_SYSTICK_Config) for HAL_SYSTICK_Config
    py32f002b_hal.o(i.HAL_InitTick) refers to py32f002b_hal_cortex.o(i.HAL_NVIC_SetPriority) for HAL_NVIC_SetPriority
    py32f002b_hal.o(i.HAL_InitTick) refers to py32f002b_hal.o(.data) for uwTickFreq
    py32f002b_hal.o(i.HAL_InitTick) refers to system_py32f002b.o(.data) for SystemCoreClock
    py32f002b_hal.o(i.HAL_SetTickFreq) refers to py32f002b_hal.o(i.HAL_InitTick) for HAL_InitTick
    py32f002b_hal.o(i.HAL_SetTickFreq) refers to py32f002b_hal.o(.data) for uwTickFreq
    py32f002b_hal_rcc.o(i.HAL_RCC_ClockConfig) refers to py32f002b_hal.o(i.HAL_GetTick) for HAL_GetTick
    py32f002b_hal_rcc.o(i.HAL_RCC_ClockConfig) refers to py32f002b_hal_rcc.o(i.HAL_RCC_GetSysClockFreq) for HAL_RCC_GetSysClockFreq
    py32f002b_hal_rcc.o(i.HAL_RCC_ClockConfig) refers to py32f002b_hal.o(i.HAL_InitTick) for HAL_InitTick
    py32f002b_hal_rcc.o(i.HAL_RCC_ClockConfig) refers to system_py32f002b.o(.constdata) for AHBPrescTable
    py32f002b_hal_rcc.o(i.HAL_RCC_ClockConfig) refers to system_py32f002b.o(.data) for SystemCoreClock
    py32f002b_hal_rcc.o(i.HAL_RCC_ClockConfig) refers to py32f002b_hal.o(.data) for uwTickPrio
    py32f002b_hal_rcc.o(i.HAL_RCC_DeInit) refers to py32f002b_hal.o(i.HAL_GetTick) for HAL_GetTick
    py32f002b_hal_rcc.o(i.HAL_RCC_DeInit) refers to py32f002b_hal.o(i.HAL_InitTick) for HAL_InitTick
    py32f002b_hal_rcc.o(i.HAL_RCC_DeInit) refers to system_py32f002b.o(.data) for SystemCoreClock
    py32f002b_hal_rcc.o(i.HAL_RCC_DeInit) refers to py32f002b_hal.o(.data) for uwTickPrio
    py32f002b_hal_rcc.o(i.HAL_RCC_GetHCLKFreq) refers to system_py32f002b.o(.data) for SystemCoreClock
    py32f002b_hal_rcc.o(i.HAL_RCC_GetPCLK1Freq) refers to py32f002b_hal_rcc.o(i.HAL_RCC_GetHCLKFreq) for HAL_RCC_GetHCLKFreq
    py32f002b_hal_rcc.o(i.HAL_RCC_GetPCLK1Freq) refers to system_py32f002b.o(.constdata) for APBPrescTable
    py32f002b_hal_rcc.o(i.HAL_RCC_GetSysClockFreq) refers to memcpya.o(.text) for __aeabi_memcpy4
    py32f002b_hal_rcc.o(i.HAL_RCC_GetSysClockFreq) refers to uidiv.o(.text) for __aeabi_uidivmod
    py32f002b_hal_rcc.o(i.HAL_RCC_GetSysClockFreq) refers to py32f002b_hal_rcc.o(.constdata) for .constdata
    py32f002b_hal_rcc.o(i.HAL_RCC_MCOConfig) refers to py32f002b_hal_gpio.o(i.HAL_GPIO_Init) for HAL_GPIO_Init
    py32f002b_hal_rcc.o(i.HAL_RCC_NMI_IRQHandler) refers to py32f002b_hal_rcc.o(i.HAL_RCC_LSECSSCallback) for HAL_RCC_LSECSSCallback
    py32f002b_hal_rcc.o(i.HAL_RCC_OscConfig) refers to py32f002b_hal.o(i.HAL_GetTick) for HAL_GetTick
    py32f002b_hal_rcc.o(i.HAL_RCC_OscConfig) refers to py32f002b_hal_rcc.o(i.HAL_RCC_GetSysClockFreq) for HAL_RCC_GetSysClockFreq
    py32f002b_hal_rcc.o(i.HAL_RCC_OscConfig) refers to py32f002b_hal.o(i.HAL_InitTick) for HAL_InitTick
    py32f002b_hal_rcc.o(i.HAL_RCC_OscConfig) refers to system_py32f002b.o(.constdata) for AHBPrescTable
    py32f002b_hal_rcc.o(i.HAL_RCC_OscConfig) refers to system_py32f002b.o(.data) for SystemCoreClock
    py32f002b_hal_rcc.o(i.HAL_RCC_OscConfig) refers to py32f002b_hal.o(.data) for uwTickPrio
    py32f002b_hal_rcc_ex.o(i.HAL_RCCEx_GetPeriphCLKFreq) refers to py32f002b_hal_rcc.o(i.HAL_RCC_GetPCLK1Freq) for HAL_RCC_GetPCLK1Freq
    py32f002b_hal_gpio.o(i.HAL_GPIO_EXTI_IRQHandler) refers to py32f002b_hal_gpio.o(i.HAL_GPIO_EXTI_Callback) for HAL_GPIO_EXTI_Callback
    py32f002b_hal_uart.o(i.HAL_HalfDuplex_Init) refers to py32f002b_hal_msp.o(i.HAL_UART_MspInit) for HAL_UART_MspInit
    py32f002b_hal_uart.o(i.HAL_HalfDuplex_Init) refers to py32f002b_hal_uart.o(i.UART_SetConfig) for UART_SetConfig
    py32f002b_hal_uart.o(i.HAL_MultiProcessor_Init) refers to py32f002b_hal_msp.o(i.HAL_UART_MspInit) for HAL_UART_MspInit
    py32f002b_hal_uart.o(i.HAL_MultiProcessor_Init) refers to py32f002b_hal_uart.o(i.UART_SetConfig) for UART_SetConfig
    py32f002b_hal_uart.o(i.HAL_UART_AbortReceive_IT) refers to py32f002b_hal_uart.o(i.HAL_UART_AbortReceiveCpltCallback) for HAL_UART_AbortReceiveCpltCallback
    py32f002b_hal_uart.o(i.HAL_UART_AbortTransmit_IT) refers to py32f002b_hal_uart.o(i.HAL_UART_AbortTransmitCpltCallback) for HAL_UART_AbortTransmitCpltCallback
    py32f002b_hal_uart.o(i.HAL_UART_Abort_IT) refers to py32f002b_hal_uart.o(i.HAL_UART_AbortCpltCallback) for HAL_UART_AbortCpltCallback
    py32f002b_hal_uart.o(i.HAL_UART_DeInit) refers to py32f002b_hal_uart.o(i.HAL_UART_MspDeInit) for HAL_UART_MspDeInit
    py32f002b_hal_uart.o(i.HAL_UART_IRQHandler) refers to py32f002b_hal_uart.o(i.UART_Receive_IT) for UART_Receive_IT
    py32f002b_hal_uart.o(i.HAL_UART_IRQHandler) refers to py32f002b_hal_uart.o(i.UART_EndRxTransfer) for UART_EndRxTransfer
    py32f002b_hal_uart.o(i.HAL_UART_IRQHandler) refers to py32f002b_hal_uart.o(i.HAL_UART_ErrorCallback) for HAL_UART_ErrorCallback
    py32f002b_hal_uart.o(i.HAL_UART_IRQHandler) refers to py32f002b_hal_uart.o(i.HAL_UART_IdleFrameDetectCpltCallback) for HAL_UART_IdleFrameDetectCpltCallback
    py32f002b_hal_uart.o(i.HAL_UART_IRQHandler) refers to py32f002b_hal_uart.o(i.UART_Transmit_IT) for UART_Transmit_IT
    py32f002b_hal_uart.o(i.HAL_UART_IRQHandler) refers to py32f002b_hal_uart.o(i.UART_EndTransmit_IT) for UART_EndTransmit_IT
    py32f002b_hal_uart.o(i.HAL_UART_Init) refers to py32f002b_hal_msp.o(i.HAL_UART_MspInit) for HAL_UART_MspInit
    py32f002b_hal_uart.o(i.HAL_UART_Init) refers to py32f002b_hal_uart.o(i.UART_SetConfig) for UART_SetConfig
    py32f002b_hal_uart.o(i.HAL_UART_Init) refers to py32f002b_hal_uart.o(i.UART_AdvFeatureConfig) for UART_AdvFeatureConfig
    py32f002b_hal_uart.o(i.HAL_UART_Receive) refers to py32f002b_hal.o(i.HAL_GetTick) for HAL_GetTick
    py32f002b_hal_uart.o(i.HAL_UART_Receive) refers to py32f002b_hal_uart.o(i.UART_WaitOnFlagUntilTimeout) for UART_WaitOnFlagUntilTimeout
    py32f002b_hal_uart.o(i.HAL_UART_Transmit) refers to py32f002b_hal.o(i.HAL_GetTick) for HAL_GetTick
    py32f002b_hal_uart.o(i.HAL_UART_Transmit) refers to py32f002b_hal_uart.o(i.UART_WaitOnFlagUntilTimeout) for UART_WaitOnFlagUntilTimeout
    py32f002b_hal_uart.o(i.UART_EndTransmit_IT) refers to py32f002b_hal_uart.o(i.HAL_UART_TxCpltCallback) for HAL_UART_TxCpltCallback
    py32f002b_hal_uart.o(i.UART_Receive_IT) refers to py32f002b_hal_uart.o(i.HAL_UART_RxCpltCallback) for HAL_UART_RxCpltCallback
    py32f002b_hal_uart.o(i.UART_SetConfig) refers to py32f002b_hal_rcc.o(i.HAL_RCC_GetPCLK1Freq) for HAL_RCC_GetPCLK1Freq
    py32f002b_hal_uart.o(i.UART_SetConfig) refers to uidiv.o(.text) for __aeabi_uidivmod
    py32f002b_hal_uart.o(i.UART_WaitOnFlagUntilTimeout) refers to py32f002b_hal.o(i.HAL_GetTick) for HAL_GetTick
    py32f002b_hal_cortex.o(i.HAL_NVIC_SetPriority) refers to py32f002b_hal_cortex.o(i.NVIC_SetPriority) for NVIC_SetPriority
    py32f002b_hal_cortex.o(i.HAL_SYSTICK_Config) refers to py32f002b_hal_cortex.o(i.NVIC_SetPriority) for NVIC_SetPriority
    py32f002b_hal_cortex.o(i.HAL_SYSTICK_IRQHandler) refers to py32f002b_hal_cortex.o(i.HAL_SYSTICK_Callback) for HAL_SYSTICK_Callback
    entry.o(.ARM.Collect$$$$00000000) refers (Special) to entry10a.o(.ARM.Collect$$$$0000000D) for __rt_final_cpp
    entry.o(.ARM.Collect$$$$00000000) refers (Special) to entry11a.o(.ARM.Collect$$$$0000000F) for __rt_final_exit
    entry.o(.ARM.Collect$$$$00000000) refers (Special) to entry7b.o(.ARM.Collect$$$$00000008) for _main_clock
    entry.o(.ARM.Collect$$$$00000000) refers (Special) to entry8b.o(.ARM.Collect$$$$0000000A) for _main_cpp_init
    entry.o(.ARM.Collect$$$$00000000) refers (Special) to entry9a.o(.ARM.Collect$$$$0000000B) for _main_init
    entry.o(.ARM.Collect$$$$00000000) refers (Special) to entry5.o(.ARM.Collect$$$$00000004) for _main_scatterload
    entry.o(.ARM.Collect$$$$00000000) refers (Special) to entry2.o(.ARM.Collect$$$$00000001) for _main_stk
    entry2.o(.ARM.Collect$$$$00000001) refers to entry2.o(.ARM.Collect$$$$00002712) for __lit__00000000
    entry2.o(.ARM.Collect$$$$00002712) refers to startup_py32f002bxx.o(STACK) for __initial_sp
    entry2.o(__vectab_stack_and_reset_area) refers to startup_py32f002bxx.o(STACK) for __initial_sp
    entry2.o(__vectab_stack_and_reset_area) refers to entry.o(.ARM.Collect$$$$00000000) for __main
    entry5.o(.ARM.Collect$$$$00000004) refers to init.o(.text) for __scatterload
    entry9a.o(.ARM.Collect$$$$0000000B) refers to main.o(i.main) for main
    entry9b.o(.ARM.Collect$$$$0000000C) refers to main.o(i.main) for main
    init.o(.text) refers to entry5.o(.ARM.Collect$$$$00000004) for __main_after_scatterload


==============================================================================

Removing Unused input sections from the image.

    Removing startup_py32f002bxx.o(HEAP), (0 bytes).
    Removing system_py32f002b.o(.rev16_text), (4 bytes).
    Removing system_py32f002b.o(.revsh_text), (4 bytes).
    Removing system_py32f002b.o(i.SystemCoreClockUpdate), (156 bytes).
    Removing main.o(.rev16_text), (4 bytes).
    Removing main.o(.revsh_text), (4 bytes).
    Removing py32f002b_hal_msp.o(.rev16_text), (4 bytes).
    Removing py32f002b_hal_msp.o(.revsh_text), (4 bytes).
    Removing py32f002b_it.o(.rev16_text), (4 bytes).
    Removing py32f002b_it.o(.revsh_text), (4 bytes).
    Removing py32f002bxx_start_kit.o(.rev16_text), (4 bytes).
    Removing py32f002bxx_start_kit.o(.revsh_text), (4 bytes).
    Removing py32f002bxx_start_kit.o(i.BSP_GetVersion), (6 bytes).
    Removing py32f002bxx_start_kit.o(i.BSP_LED_DeInit), (56 bytes).
    Removing py32f002bxx_start_kit.o(i.BSP_LED_Init), (104 bytes).
    Removing py32f002bxx_start_kit.o(i.BSP_LED_Off), (32 bytes).
    Removing py32f002bxx_start_kit.o(i.BSP_LED_On), (32 bytes).
    Removing py32f002bxx_start_kit.o(i.BSP_LED_Toggle), (32 bytes).
    Removing py32f002bxx_start_kit.o(i.BSP_PB_DeInit), (52 bytes).
    Removing py32f002bxx_start_kit.o(i.BSP_PB_GetState), (32 bytes).
    Removing py32f002bxx_start_kit.o(i.BSP_PB_Init), (148 bytes).
    Removing py32f002bxx_start_kit.o(i.BSP_USART_Config), (216 bytes).
    Removing py32f002bxx_start_kit.o(i.fgetc), (28 bytes).
    Removing py32f002bxx_start_kit.o(i.fputc), (28 bytes).
    Removing py32f002bxx_start_kit.o(.bss), (68 bytes).
    Removing py32f002bxx_start_kit.o(.constdata), (5 bytes).
    Removing py32f002bxx_start_kit.o(.data), (8 bytes).
    Removing py32f002b_hal.o(.rev16_text), (4 bytes).
    Removing py32f002b_hal.o(.revsh_text), (4 bytes).
    Removing py32f002b_hal.o(i.HAL_DBGMCU_DisableDBGMCUStopMode), (20 bytes).
    Removing py32f002b_hal.o(i.HAL_DBGMCU_EnableDBGMCUStopMode), (20 bytes).
    Removing py32f002b_hal.o(i.HAL_DeInit), (52 bytes).
    Removing py32f002b_hal.o(i.HAL_Delay), (44 bytes).
    Removing py32f002b_hal.o(i.HAL_GetDEVID), (16 bytes).
    Removing py32f002b_hal.o(i.HAL_GetHalVersion), (6 bytes).
    Removing py32f002b_hal.o(i.HAL_GetREVID), (12 bytes).
    Removing py32f002b_hal.o(i.HAL_GetTickFreq), (12 bytes).
    Removing py32f002b_hal.o(i.HAL_GetTickPrio), (12 bytes).
    Removing py32f002b_hal.o(i.HAL_GetUIDw0), (12 bytes).
    Removing py32f002b_hal.o(i.HAL_GetUIDw1), (12 bytes).
    Removing py32f002b_hal.o(i.HAL_GetUIDw2), (12 bytes).
    Removing py32f002b_hal.o(i.HAL_MspDeInit), (2 bytes).
    Removing py32f002b_hal.o(i.HAL_MspInit), (2 bytes).
    Removing py32f002b_hal.o(i.HAL_ResumeTick), (20 bytes).
    Removing py32f002b_hal.o(i.HAL_SYSCFG_DisableGPIONoiseFilter), (72 bytes).
    Removing py32f002b_hal.o(i.HAL_SYSCFG_DisableI2CFastModePlus), (16 bytes).
    Removing py32f002b_hal.o(i.HAL_SYSCFG_EnableGPIONoiseFilter), (72 bytes).
    Removing py32f002b_hal.o(i.HAL_SYSCFG_EnableI2CFastModePlus), (16 bytes).
    Removing py32f002b_hal.o(i.HAL_SYSCFG_GetRemapMemory), (16 bytes).
    Removing py32f002b_hal.o(i.HAL_SYSCFG_GetTIM1CH1Source), (16 bytes).
    Removing py32f002b_hal.o(i.HAL_SYSCFG_SetRemapMemory), (20 bytes).
    Removing py32f002b_hal.o(i.HAL_SYSCFG_SetTIM1CH1Source), (20 bytes).
    Removing py32f002b_hal.o(i.HAL_SYSCFG_TIM1ETRSource), (24 bytes).
    Removing py32f002b_hal.o(i.HAL_SetTickFreq), (44 bytes).
    Removing py32f002b_hal.o(i.HAL_SuspendTick), (20 bytes).
    Removing py32f002b_hal_rcc.o(.rev16_text), (4 bytes).
    Removing py32f002b_hal_rcc.o(.revsh_text), (4 bytes).
    Removing py32f002b_hal_rcc.o(i.HAL_RCC_CSSCallback), (2 bytes).
    Removing py32f002b_hal_rcc.o(i.HAL_RCC_ClockConfig), (444 bytes).
    Removing py32f002b_hal_rcc.o(i.HAL_RCC_DeInit), (168 bytes).
    Removing py32f002b_hal_rcc.o(i.HAL_RCC_DisableLSECSS), (20 bytes).
    Removing py32f002b_hal_rcc.o(i.HAL_RCC_EnableLSECSS), (20 bytes).
    Removing py32f002b_hal_rcc.o(i.HAL_RCC_GetClockConfig), (60 bytes).
    Removing py32f002b_hal_rcc.o(i.HAL_RCC_GetOscConfig), (172 bytes).
    Removing py32f002b_hal_rcc.o(i.HAL_RCC_GetSysClockFreq), (200 bytes).
    Removing py32f002b_hal_rcc.o(i.HAL_RCC_LSECSSCallback), (2 bytes).
    Removing py32f002b_hal_rcc.o(i.HAL_RCC_MCOConfig), (160 bytes).
    Removing py32f002b_hal_rcc.o(i.HAL_RCC_NMI_IRQHandler), (32 bytes).
    Removing py32f002b_hal_rcc.o(i.HAL_RCC_OscConfig), (956 bytes).
    Removing py32f002b_hal_rcc.o(.constdata), (32 bytes).
    Removing py32f002b_hal_rcc_ex.o(.rev16_text), (4 bytes).
    Removing py32f002b_hal_rcc_ex.o(.revsh_text), (4 bytes).
    Removing py32f002b_hal_rcc_ex.o(i.HAL_RCCEx_DisableLSCO), (20 bytes).
    Removing py32f002b_hal_rcc_ex.o(i.HAL_RCCEx_EnableLSCO), (28 bytes).
    Removing py32f002b_hal_rcc_ex.o(i.HAL_RCCEx_GetPeriphCLKConfig), (48 bytes).
    Removing py32f002b_hal_rcc_ex.o(i.HAL_RCCEx_GetPeriphCLKFreq), (516 bytes).
    Removing py32f002b_hal_rcc_ex.o(i.HAL_RCCEx_PeriphCLKConfig), (188 bytes).
    Removing py32f002b_hal_gpio.o(.rev16_text), (4 bytes).
    Removing py32f002b_hal_gpio.o(.revsh_text), (4 bytes).
    Removing py32f002b_hal_gpio.o(i.HAL_GPIO_DeInit), (244 bytes).
    Removing py32f002b_hal_gpio.o(i.HAL_GPIO_EXTI_Callback), (2 bytes).
    Removing py32f002b_hal_gpio.o(i.HAL_GPIO_EXTI_IRQHandler), (32 bytes).
    Removing py32f002b_hal_gpio.o(i.HAL_GPIO_LockPin), (50 bytes).
    Removing py32f002b_hal_gpio.o(i.HAL_GPIO_ReadPin), (18 bytes).
    Removing py32f002b_hal_gpio.o(i.HAL_GPIO_TogglePin), (16 bytes).
    Removing py32f002b_hal_gpio.o(i.HAL_GPIO_WritePin), (12 bytes).
    Removing py32f002b_hal_pwr.o(.rev16_text), (4 bytes).
    Removing py32f002b_hal_pwr.o(.revsh_text), (4 bytes).
    Removing py32f002b_hal_pwr.o(i.HAL_PWR_ConfigBIAS), (60 bytes).
    Removing py32f002b_hal_pwr.o(i.HAL_PWR_ConfigStopMode), (40 bytes).
    Removing py32f002b_hal_pwr.o(i.HAL_PWR_DeInit), (32 bytes).
    Removing py32f002b_hal_pwr.o(i.HAL_PWR_DisableSEVOnPend), (20 bytes).
    Removing py32f002b_hal_pwr.o(i.HAL_PWR_DisableSleepOnExit), (20 bytes).
    Removing py32f002b_hal_pwr.o(i.HAL_PWR_EnableSEVOnPend), (20 bytes).
    Removing py32f002b_hal_pwr.o(i.HAL_PWR_EnableSleepOnExit), (20 bytes).
    Removing py32f002b_hal_pwr.o(i.HAL_PWR_EnterSLEEPMode), (32 bytes).
    Removing py32f002b_hal_pwr.o(i.HAL_PWR_EnterSTOPMode), (64 bytes).
    Removing py32f002b_hal_uart.o(.rev16_text), (4 bytes).
    Removing py32f002b_hal_uart.o(.revsh_text), (4 bytes).
    Removing py32f002b_hal_uart.o(i.HAL_HalfDuplex_EnableReceiver), (72 bytes).
    Removing py32f002b_hal_uart.o(i.HAL_HalfDuplex_EnableTransmitter), (72 bytes).
    Removing py32f002b_hal_uart.o(i.HAL_HalfDuplex_Init), (116 bytes).
    Removing py32f002b_hal_uart.o(i.HAL_MultiProcessor_EnterMuteMode), (62 bytes).
    Removing py32f002b_hal_uart.o(i.HAL_MultiProcessor_ExitMuteMode), (62 bytes).
    Removing py32f002b_hal_uart.o(i.HAL_MultiProcessor_Init), (166 bytes).
    Removing py32f002b_hal_uart.o(i.HAL_UART_Abort), (50 bytes).
    Removing py32f002b_hal_uart.o(i.HAL_UART_AbortCpltCallback), (2 bytes).
    Removing py32f002b_hal_uart.o(i.HAL_UART_AbortReceive), (42 bytes).
    Removing py32f002b_hal_uart.o(i.HAL_UART_AbortReceiveCpltCallback), (2 bytes).
    Removing py32f002b_hal_uart.o(i.HAL_UART_AbortReceive_IT), (50 bytes).
    Removing py32f002b_hal_uart.o(i.HAL_UART_AbortTransmit), (28 bytes).
    Removing py32f002b_hal_uart.o(i.HAL_UART_AbortTransmitCpltCallback), (2 bytes).
    Removing py32f002b_hal_uart.o(i.HAL_UART_AbortTransmit_IT), (36 bytes).
    Removing py32f002b_hal_uart.o(i.HAL_UART_Abort_IT), (62 bytes).
    Removing py32f002b_hal_uart.o(i.HAL_UART_DeInit), (64 bytes).
    Removing py32f002b_hal_uart.o(i.HAL_UART_ErrorCallback), (2 bytes).
    Removing py32f002b_hal_uart.o(i.HAL_UART_GetError), (6 bytes).
    Removing py32f002b_hal_uart.o(i.HAL_UART_GetState), (20 bytes).
    Removing py32f002b_hal_uart.o(i.HAL_UART_IRQHandler), (338 bytes).
    Removing py32f002b_hal_uart.o(i.HAL_UART_IdleFrameDetectCpltCallback), (2 bytes).
    Removing py32f002b_hal_uart.o(i.HAL_UART_MspDeInit), (2 bytes).
    Removing py32f002b_hal_uart.o(i.HAL_UART_MspInit), (2 bytes).
    Removing py32f002b_hal_uart.o(i.HAL_UART_Receive_IT), (118 bytes).
    Removing py32f002b_hal_uart.o(i.HAL_UART_RxCpltCallback), (2 bytes).
    Removing py32f002b_hal_uart.o(i.HAL_UART_RxHalfCpltCallback), (2 bytes).
    Removing py32f002b_hal_uart.o(i.HAL_UART_Transmit_IT), (92 bytes).
    Removing py32f002b_hal_uart.o(i.HAL_UART_TxCpltCallback), (2 bytes).
    Removing py32f002b_hal_uart.o(i.HAL_UART_TxHalfCpltCallback), (2 bytes).
    Removing py32f002b_hal_uart.o(i.UART_EndRxTransfer), (34 bytes).
    Removing py32f002b_hal_uart.o(i.UART_EndTransmit_IT), (32 bytes).
    Removing py32f002b_hal_uart.o(i.UART_Receive_IT), (136 bytes).
    Removing py32f002b_hal_uart.o(i.UART_Transmit_IT), (106 bytes).
    Removing py32f002b_hal_cortex.o(.rev16_text), (4 bytes).
    Removing py32f002b_hal_cortex.o(.revsh_text), (4 bytes).
    Removing py32f002b_hal_cortex.o(i.HAL_NVIC_ClearPendingIRQ), (24 bytes).
    Removing py32f002b_hal_cortex.o(i.HAL_NVIC_DisableIRQ), (24 bytes).
    Removing py32f002b_hal_cortex.o(i.HAL_NVIC_GetPendingIRQ), (40 bytes).
    Removing py32f002b_hal_cortex.o(i.HAL_NVIC_GetPriority), (72 bytes).
    Removing py32f002b_hal_cortex.o(i.HAL_NVIC_SetPendingIRQ), (24 bytes).
    Removing py32f002b_hal_cortex.o(i.HAL_NVIC_SystemReset), (56 bytes).
    Removing py32f002b_hal_cortex.o(i.HAL_SYSTICK_CLKSourceConfig), (36 bytes).
    Removing py32f002b_hal_cortex.o(i.HAL_SYSTICK_Callback), (2 bytes).
    Removing py32f002b_hal_cortex.o(i.HAL_SYSTICK_IRQHandler), (8 bytes).

143 unused section(s) (total 7511 bytes) removed from the image.

==============================================================================

Image Symbol Table

    Local Symbols

    Symbol Name                              Value     Ov Type        Size  Object(Section)

    ../clib/microlib/division.c              0x00000000   Number         0  uidiv.o ABSOLUTE
    ../clib/microlib/init/entry.s            0x00000000   Number         0  entry10b.o ABSOLUTE
    ../clib/microlib/init/entry.s            0x00000000   Number         0  entry5.o ABSOLUTE
    ../clib/microlib/init/entry.s            0x00000000   Number         0  entry9b.o ABSOLUTE
    ../clib/microlib/init/entry.s            0x00000000   Number         0  entry11a.o ABSOLUTE
    ../clib/microlib/init/entry.s            0x00000000   Number         0  entry11b.o ABSOLUTE
    ../clib/microlib/init/entry.s            0x00000000   Number         0  entry10a.o ABSOLUTE
    ../clib/microlib/init/entry.s            0x00000000   Number         0  entry9a.o ABSOLUTE
    ../clib/microlib/init/entry.s            0x00000000   Number         0  entry.o ABSOLUTE
    ../clib/microlib/init/entry.s            0x00000000   Number         0  entry8b.o ABSOLUTE
    ../clib/microlib/init/entry.s            0x00000000   Number         0  entry8a.o ABSOLUTE
    ../clib/microlib/init/entry.s            0x00000000   Number         0  entry7b.o ABSOLUTE
    ../clib/microlib/init/entry.s            0x00000000   Number         0  entry7a.o ABSOLUTE
    ../clib/microlib/init/entry.s            0x00000000   Number         0  entry2.o ABSOLUTE
    ../clib/microlib/string/memcpy.c         0x00000000   Number         0  memcpyb.o ABSOLUTE
    ../clib/microlib/string/memcpy.c         0x00000000   Number         0  memcpya.o ABSOLUTE
    ..\..\..\..\..\..\Drivers\BSP\PY32F002Bxx_Start_Kit\py32f002bxx_Start_Kit.c 0x00000000   Number         0  py32f002bxx_start_kit.o ABSOLUTE
    ..\..\..\..\..\..\Drivers\PY32F002B_HAL_Driver\Src\py32f002b_hal.c 0x00000000   Number         0  py32f002b_hal.o ABSOLUTE
    ..\..\..\..\..\..\Drivers\PY32F002B_HAL_Driver\Src\py32f002b_hal_cortex.c 0x00000000   Number         0  py32f002b_hal_cortex.o ABSOLUTE
    ..\..\..\..\..\..\Drivers\PY32F002B_HAL_Driver\Src\py32f002b_hal_gpio.c 0x00000000   Number         0  py32f002b_hal_gpio.o ABSOLUTE
    ..\..\..\..\..\..\Drivers\PY32F002B_HAL_Driver\Src\py32f002b_hal_pwr.c 0x00000000   Number         0  py32f002b_hal_pwr.o ABSOLUTE
    ..\..\..\..\..\..\Drivers\PY32F002B_HAL_Driver\Src\py32f002b_hal_rcc.c 0x00000000   Number         0  py32f002b_hal_rcc.o ABSOLUTE
    ..\..\..\..\..\..\Drivers\PY32F002B_HAL_Driver\Src\py32f002b_hal_rcc_ex.c 0x00000000   Number         0  py32f002b_hal_rcc_ex.o ABSOLUTE
    ..\..\..\..\..\..\Drivers\PY32F002B_HAL_Driver\Src\py32f002b_hal_uart.c 0x00000000   Number         0  py32f002b_hal_uart.o ABSOLUTE
    ..\Src\main.c                            0x00000000   Number         0  main.o ABSOLUTE
    ..\Src\py32f002b_hal_msp.c               0x00000000   Number         0  py32f002b_hal_msp.o ABSOLUTE
    ..\Src\py32f002b_it.c                    0x00000000   Number         0  py32f002b_it.o ABSOLUTE
    ..\Src\system_py32f002b.c                0x00000000   Number         0  system_py32f002b.o ABSOLUTE
    ..\\..\\..\\..\\..\\..\\Drivers\\BSP\\PY32F002Bxx_Start_Kit\\py32f002bxx_Start_Kit.c 0x00000000   Number         0  py32f002bxx_start_kit.o ABSOLUTE
    ..\\..\\..\\..\\..\\..\\Drivers\\PY32F002B_HAL_Driver\\Src\\py32f002b_hal.c 0x00000000   Number         0  py32f002b_hal.o ABSOLUTE
    ..\\..\\..\\..\\..\\..\\Drivers\\PY32F002B_HAL_Driver\\Src\\py32f002b_hal_cortex.c 0x00000000   Number         0  py32f002b_hal_cortex.o ABSOLUTE
    ..\\..\\..\\..\\..\\..\\Drivers\\PY32F002B_HAL_Driver\\Src\\py32f002b_hal_gpio.c 0x00000000   Number         0  py32f002b_hal_gpio.o ABSOLUTE
    ..\\..\\..\\..\\..\\..\\Drivers\\PY32F002B_HAL_Driver\\Src\\py32f002b_hal_pwr.c 0x00000000   Number         0  py32f002b_hal_pwr.o ABSOLUTE
    ..\\..\\..\\..\\..\\..\\Drivers\\PY32F002B_HAL_Driver\\Src\\py32f002b_hal_rcc.c 0x00000000   Number         0  py32f002b_hal_rcc.o ABSOLUTE
    ..\\..\\..\\..\\..\\..\\Drivers\\PY32F002B_HAL_Driver\\Src\\py32f002b_hal_rcc_ex.c 0x00000000   Number         0  py32f002b_hal_rcc_ex.o ABSOLUTE
    ..\\..\\..\\..\\..\\..\\Drivers\\PY32F002B_HAL_Driver\\Src\\py32f002b_hal_uart.c 0x00000000   Number         0  py32f002b_hal_uart.o ABSOLUTE
    ..\\Src\\main.c                          0x00000000   Number         0  main.o ABSOLUTE
    ..\\Src\\py32f002b_hal_msp.c             0x00000000   Number         0  py32f002b_hal_msp.o ABSOLUTE
    ..\\Src\\py32f002b_it.c                  0x00000000   Number         0  py32f002b_it.o ABSOLUTE
    ..\\Src\\system_py32f002b.c              0x00000000   Number         0  system_py32f002b.o ABSOLUTE
    dc.s                                     0x00000000   Number         0  dc.o ABSOLUTE
    handlers.s                               0x00000000   Number         0  handlers.o ABSOLUTE
    init.s                                   0x00000000   Number         0  init.o ABSOLUTE
    startup_py32f002bxx.s                    0x00000000   Number         0  startup_py32f002bxx.o ABSOLUTE
    RESET                                    0x08000000   Section      192  startup_py32f002bxx.o(RESET)
    .ARM.Collect$$$$00000000                 0x080000c0   Section        0  entry.o(.ARM.Collect$$$$00000000)
    .ARM.Collect$$$$00000001                 0x080000c0   Section        4  entry2.o(.ARM.Collect$$$$00000001)
    .ARM.Collect$$$$00000004                 0x080000c4   Section        4  entry5.o(.ARM.Collect$$$$00000004)
    .ARM.Collect$$$$00000008                 0x080000c8   Section        0  entry7b.o(.ARM.Collect$$$$00000008)
    .ARM.Collect$$$$0000000A                 0x080000c8   Section        0  entry8b.o(.ARM.Collect$$$$0000000A)
    .ARM.Collect$$$$0000000B                 0x080000c8   Section        8  entry9a.o(.ARM.Collect$$$$0000000B)
    .ARM.Collect$$$$0000000D                 0x080000d0   Section        0  entry10a.o(.ARM.Collect$$$$0000000D)
    .ARM.Collect$$$$0000000F                 0x080000d0   Section        0  entry11a.o(.ARM.Collect$$$$0000000F)
    .ARM.Collect$$$$00002712                 0x080000d0   Section        4  entry2.o(.ARM.Collect$$$$00002712)
    __lit__00000000                          0x080000d0   Data           4  entry2.o(.ARM.Collect$$$$00002712)
    .text                                    0x080000d4   Section       28  startup_py32f002bxx.o(.text)
    .text                                    0x080000f0   Section        0  uidiv.o(.text)
    .text                                    0x0800011c   Section       36  init.o(.text)
    i.APP_ErrorHandler                       0x08000140   Section        0  main.o(i.APP_ErrorHandler)
    i.DelayTime                              0x08000144   Section        0  system_py32f002b.o(i.DelayTime)
    DelayTime                                0x08000145   Thumb Code    24  system_py32f002b.o(i.DelayTime)
    i.HAL_GPIO_Init                          0x08000160   Section        0  py32f002b_hal_gpio.o(i.HAL_GPIO_Init)
    i.HAL_GetTick                            0x08000314   Section        0  py32f002b_hal.o(i.HAL_GetTick)
    i.HAL_IncTick                            0x08000320   Section        0  py32f002b_hal.o(i.HAL_IncTick)
    i.HAL_Init                               0x08000338   Section        0  py32f002b_hal.o(i.HAL_Init)
    i.HAL_InitTick                           0x08000354   Section        0  py32f002b_hal.o(i.HAL_InitTick)
    i.HAL_MspInit                            0x080003b4   Section        0  py32f002b_hal_msp.o(i.HAL_MspInit)
    i.HAL_NVIC_EnableIRQ                     0x080003f8   Section        0  py32f002b_hal_cortex.o(i.HAL_NVIC_EnableIRQ)
    i.HAL_NVIC_SetPriority                   0x08000410   Section        0  py32f002b_hal_cortex.o(i.HAL_NVIC_SetPriority)
    i.HAL_RCC_GetHCLKFreq                    0x08000424   Section        0  py32f002b_hal_rcc.o(i.HAL_RCC_GetHCLKFreq)
    i.HAL_RCC_GetPCLK1Freq                   0x08000430   Section        0  py32f002b_hal_rcc.o(i.HAL_RCC_GetPCLK1Freq)
    i.HAL_SYSTICK_Config                     0x08000458   Section        0  py32f002b_hal_cortex.o(i.HAL_SYSTICK_Config)
    i.HAL_UART_Init                          0x08000490   Section        0  py32f002b_hal_uart.o(i.HAL_UART_Init)
    i.HAL_UART_MspInit                       0x0800051c   Section        0  py32f002b_hal_msp.o(i.HAL_UART_MspInit)
    i.HAL_UART_Receive                       0x080005a8   Section        0  py32f002b_hal_uart.o(i.HAL_UART_Receive)
    i.HAL_UART_Transmit                      0x0800068c   Section        0  py32f002b_hal_uart.o(i.HAL_UART_Transmit)
    i.HardFault_Handler                      0x0800078a   Section        0  py32f002b_it.o(i.HardFault_Handler)
    i.NMI_Handler                            0x0800078e   Section        0  py32f002b_it.o(i.NMI_Handler)
    i.NVIC_SetPriority                       0x08000790   Section        0  py32f002b_hal_cortex.o(i.NVIC_SetPriority)
    NVIC_SetPriority                         0x08000791   Thumb Code   110  py32f002b_hal_cortex.o(i.NVIC_SetPriority)
    i.PendSV_Handler                         0x08000808   Section        0  py32f002b_it.o(i.PendSV_Handler)
    i.SVC_Handler                            0x0800080a   Section        0  py32f002b_it.o(i.SVC_Handler)
    i.SysTick_Handler                        0x0800080c   Section        0  py32f002b_it.o(i.SysTick_Handler)
    i.SystemInit                             0x08000814   Section        0  system_py32f002b.o(i.SystemInit)
    i.UART_AdvFeatureConfig                  0x0800085c   Section        0  py32f002b_hal_uart.o(i.UART_AdvFeatureConfig)
    UART_AdvFeatureConfig                    0x0800085d   Thumb Code    56  py32f002b_hal_uart.o(i.UART_AdvFeatureConfig)
    i.UART_SetConfig                         0x08000894   Section        0  py32f002b_hal_uart.o(i.UART_SetConfig)
    UART_SetConfig                           0x08000895   Thumb Code   414  py32f002b_hal_uart.o(i.UART_SetConfig)
    i.UART_WaitOnFlagUntilTimeout            0x08000a38   Section        0  py32f002b_hal_uart.o(i.UART_WaitOnFlagUntilTimeout)
    UART_WaitOnFlagUntilTimeout              0x08000a39   Thumb Code   112  py32f002b_hal_uart.o(i.UART_WaitOnFlagUntilTimeout)
    i.__scatterload_copy                     0x08000aa8   Section       14  handlers.o(i.__scatterload_copy)
    i.__scatterload_null                     0x08000ab6   Section        2  handlers.o(i.__scatterload_null)
    i.__scatterload_zeroinit                 0x08000ab8   Section       14  handlers.o(i.__scatterload_zeroinit)
    i.main                                   0x08000ac8   Section        0  main.o(i.main)
    .constdata                               0x08000b40   Section      128  system_py32f002b.o(.constdata)
    .data                                    0x20000000   Section        4  system_py32f002b.o(.data)
    .data                                    0x20000004   Section       25  main.o(.data)
    .data                                    0x20000020   Section       12  py32f002b_hal.o(.data)
    .bss                                     0x2000002c   Section       68  main.o(.bss)
    STACK                                    0x20000070   Section     1024  startup_py32f002bxx.o(STACK)

    Global Symbols

    Symbol Name                              Value     Ov Type        Size  Object(Section)

    BuildAttributes$$THM_ISAv3M$S$PE$A:L22$X:L11$S22$IEEE1$IW$USESV6$~STKCKD$USESV7$~SHL$OSPACE$EBA8$MICROLIB$REQ8$PRES8$EABIv2 0x00000000   Number         0  anon$$obj.o ABSOLUTE
    __ARM_use_no_argv                        0x00000000   Number         0  main.o ABSOLUTE
    __cpp_initialize__aeabi_                  - Undefined Weak Reference
    __cxa_finalize                            - Undefined Weak Reference
    __decompress                              - Undefined Weak Reference
    _clock_init                               - Undefined Weak Reference
    _microlib_exit                            - Undefined Weak Reference
    __Vectors_Size                           0x000000c0   Number         0  startup_py32f002bxx.o ABSOLUTE
    __Vectors                                0x08000000   Data           4  startup_py32f002bxx.o(RESET)
    __Vectors_End                            0x080000c0   Data           0  startup_py32f002bxx.o(RESET)
    __main                                   0x080000c1   Thumb Code     0  entry.o(.ARM.Collect$$$$00000000)
    _main_stk                                0x080000c1   Thumb Code     0  entry2.o(.ARM.Collect$$$$00000001)
    _main_scatterload                        0x080000c5   Thumb Code     0  entry5.o(.ARM.Collect$$$$00000004)
    __main_after_scatterload                 0x080000c9   Thumb Code     0  entry5.o(.ARM.Collect$$$$00000004)
    _main_clock                              0x080000c9   Thumb Code     0  entry7b.o(.ARM.Collect$$$$00000008)
    _main_cpp_init                           0x080000c9   Thumb Code     0  entry8b.o(.ARM.Collect$$$$0000000A)
    _main_init                               0x080000c9   Thumb Code     0  entry9a.o(.ARM.Collect$$$$0000000B)
    __rt_final_cpp                           0x080000d1   Thumb Code     0  entry10a.o(.ARM.Collect$$$$0000000D)
    __rt_final_exit                          0x080000d1   Thumb Code     0  entry11a.o(.ARM.Collect$$$$0000000F)
    Reset_Handler                            0x080000d5   Thumb Code     8  startup_py32f002bxx.o(.text)
    ADC_COMP_IRQHandler                      0x080000e7   Thumb Code     0  startup_py32f002bxx.o(.text)
    EXTI0_1_IRQHandler                       0x080000e7   Thumb Code     0  startup_py32f002bxx.o(.text)
    EXTI2_3_IRQHandler                       0x080000e7   Thumb Code     0  startup_py32f002bxx.o(.text)
    EXTI4_15_IRQHandler                      0x080000e7   Thumb Code     0  startup_py32f002bxx.o(.text)
    FLASH_IRQHandler                         0x080000e7   Thumb Code     0  startup_py32f002bxx.o(.text)
    I2C1_IRQHandler                          0x080000e7   Thumb Code     0  startup_py32f002bxx.o(.text)
    LPTIM1_IRQHandler                        0x080000e7   Thumb Code     0  startup_py32f002bxx.o(.text)
    RCC_IRQHandler                           0x080000e7   Thumb Code     0  startup_py32f002bxx.o(.text)
    SPI1_IRQHandler                          0x080000e7   Thumb Code     0  startup_py32f002bxx.o(.text)
    TIM14_IRQHandler                         0x080000e7   Thumb Code     0  startup_py32f002bxx.o(.text)
    TIM1_BRK_UP_TRG_COM_IRQHandler           0x080000e7   Thumb Code     0  startup_py32f002bxx.o(.text)
    TIM1_CC_IRQHandler                       0x080000e7   Thumb Code     0  startup_py32f002bxx.o(.text)
    USART1_IRQHandler                        0x080000e7   Thumb Code     0  startup_py32f002bxx.o(.text)
    __aeabi_uidiv                            0x080000f1   Thumb Code     0  uidiv.o(.text)
    __aeabi_uidivmod                         0x080000f1   Thumb Code    44  uidiv.o(.text)
    __scatterload                            0x0800011d   Thumb Code    28  init.o(.text)
    __scatterload_rt2                        0x0800011d   Thumb Code     0  init.o(.text)
    APP_ErrorHandler                         0x08000141   Thumb Code     4  main.o(i.APP_ErrorHandler)
    HAL_GPIO_Init                            0x08000161   Thumb Code   428  py32f002b_hal_gpio.o(i.HAL_GPIO_Init)
    HAL_GetTick                              0x08000315   Thumb Code     6  py32f002b_hal.o(i.HAL_GetTick)
    HAL_IncTick                              0x08000321   Thumb Code    16  py32f002b_hal.o(i.HAL_IncTick)
    HAL_Init                                 0x08000339   Thumb Code    26  py32f002b_hal.o(i.HAL_Init)
    HAL_InitTick                             0x08000355   Thumb Code    82  py32f002b_hal.o(i.HAL_InitTick)
    HAL_MspInit                              0x080003b5   Thumb Code    64  py32f002b_hal_msp.o(i.HAL_MspInit)
    HAL_NVIC_EnableIRQ                       0x080003f9   Thumb Code    18  py32f002b_hal_cortex.o(i.HAL_NVIC_EnableIRQ)
    HAL_NVIC_SetPriority                     0x08000411   Thumb Code    18  py32f002b_hal_cortex.o(i.HAL_NVIC_SetPriority)
    HAL_RCC_GetHCLKFreq                      0x08000425   Thumb Code     6  py32f002b_hal_rcc.o(i.HAL_RCC_GetHCLKFreq)
    HAL_RCC_GetPCLK1Freq                     0x08000431   Thumb Code    32  py32f002b_hal_rcc.o(i.HAL_RCC_GetPCLK1Freq)
    HAL_SYSTICK_Config                       0x08000459   Thumb Code    46  py32f002b_hal_cortex.o(i.HAL_SYSTICK_Config)
    HAL_UART_Init                            0x08000491   Thumb Code   138  py32f002b_hal_uart.o(i.HAL_UART_Init)
    HAL_UART_MspInit                         0x0800051d   Thumb Code   132  py32f002b_hal_msp.o(i.HAL_UART_MspInit)
    HAL_UART_Receive                         0x080005a9   Thumb Code   228  py32f002b_hal_uart.o(i.HAL_UART_Receive)
    HAL_UART_Transmit                        0x0800068d   Thumb Code   254  py32f002b_hal_uart.o(i.HAL_UART_Transmit)
    HardFault_Handler                        0x0800078b   Thumb Code     4  py32f002b_it.o(i.HardFault_Handler)
    NMI_Handler                              0x0800078f   Thumb Code     2  py32f002b_it.o(i.NMI_Handler)
    PendSV_Handler                           0x08000809   Thumb Code     2  py32f002b_it.o(i.PendSV_Handler)
    SVC_Handler                              0x0800080b   Thumb Code     2  py32f002b_it.o(i.SVC_Handler)
    SysTick_Handler                          0x0800080d   Thumb Code     8  py32f002b_it.o(i.SysTick_Handler)
    SystemInit                               0x08000815   Thumb Code    56  system_py32f002b.o(i.SystemInit)
    __scatterload_copy                       0x08000aa9   Thumb Code    14  handlers.o(i.__scatterload_copy)
    __scatterload_null                       0x08000ab7   Thumb Code     2  handlers.o(i.__scatterload_null)
    __scatterload_zeroinit                   0x08000ab9   Thumb Code    14  handlers.o(i.__scatterload_zeroinit)
    main                                     0x08000ac9   Thumb Code   100  main.o(i.main)
    AHBPrescTable                            0x08000b40   Data          64  system_py32f002b.o(.constdata)
    APBPrescTable                            0x08000b80   Data          32  system_py32f002b.o(.constdata)
    HSIFreqTable                             0x08000ba0   Data          32  system_py32f002b.o(.constdata)
    Region$$Table$$Base                      0x08000bc0   Number         0  anon$$obj.o(Region$$Table)
    Region$$Table$$Limit                     0x08000be0   Number         0  anon$$obj.o(Region$$Table)
    SystemCoreClock                          0x20000000   Data           4  system_py32f002b.o(.data)
    aTxBuffer                                0x20000004   Data          12  main.o(.data)
    aRxBuffer                                0x20000010   Data          12  main.o(.data)
    UartReady                                0x2000001c   Data           1  main.o(.data)
    uwTick                                   0x20000020   Data           4  py32f002b_hal.o(.data)
    uwTickPrio                               0x20000024   Data           4  py32f002b_hal.o(.data)
    uwTickFreq                               0x20000028   Data           4  py32f002b_hal.o(.data)
    UartHandle                               0x2000002c   Data          68  main.o(.bss)
    __initial_sp                             0x20000470   Data           0  startup_py32f002bxx.o(STACK)



==============================================================================

Memory Map of the image

  Image Entry point : 0x080000c1

  Load Region LR_IROM1 (Base: 0x08000000, Size: 0x00000c0c, Max: 0x00006000, ABSOLUTE)

    Execution Region ER_IROM1 (Exec base: 0x08000000, Load base: 0x08000000, Size: 0x00000be0, Max: 0x00006000, ABSOLUTE)

    Exec Addr    Load Addr    Size         Type   Attr      Idx    E Section Name        Object

    0x08000000   0x08000000   0x000000c0   Data   RO            3    RESET               startup_py32f002bxx.o
    0x080000c0   0x080000c0   0x00000000   Code   RO         1125  * .ARM.Collect$$$$00000000  mc_p.l(entry.o)
    0x080000c0   0x080000c0   0x00000004   Code   RO         1134    .ARM.Collect$$$$00000001  mc_p.l(entry2.o)
    0x080000c4   0x080000c4   0x00000004   Code   RO         1137    .ARM.Collect$$$$00000004  mc_p.l(entry5.o)
    0x080000c8   0x080000c8   0x00000000   Code   RO         1139    .ARM.Collect$$$$00000008  mc_p.l(entry7b.o)
    0x080000c8   0x080000c8   0x00000000   Code   RO         1141    .ARM.Collect$$$$0000000A  mc_p.l(entry8b.o)
    0x080000c8   0x080000c8   0x00000008   Code   RO         1142    .ARM.Collect$$$$0000000B  mc_p.l(entry9a.o)
    0x080000d0   0x080000d0   0x00000000   Code   RO         1144    .ARM.Collect$$$$0000000D  mc_p.l(entry10a.o)
    0x080000d0   0x080000d0   0x00000000   Code   RO         1146    .ARM.Collect$$$$0000000F  mc_p.l(entry11a.o)
    0x080000d0   0x080000d0   0x00000004   Code   RO         1135    .ARM.Collect$$$$00002712  mc_p.l(entry2.o)
    0x080000d4   0x080000d4   0x0000001c   Code   RO            4    .text               startup_py32f002bxx.o
    0x080000f0   0x080000f0   0x0000002c   Code   RO         1128    .text               mc_p.l(uidiv.o)
    0x0800011c   0x0800011c   0x00000024   Code   RO         1148    .text               mc_p.l(init.o)
    0x08000140   0x08000140   0x00000004   Code   RO          111    i.APP_ErrorHandler  main.o
    0x08000144   0x08000144   0x0000001c   Code   RO           12    i.DelayTime         system_py32f002b.o
    0x08000160   0x08000160   0x000001b4   Code   RO          665    i.HAL_GPIO_Init     py32f002b_hal_gpio.o
    0x08000314   0x08000314   0x0000000c   Code   RO          326    i.HAL_GetTick       py32f002b_hal.o
    0x08000320   0x08000320   0x00000018   Code   RO          332    i.HAL_IncTick       py32f002b_hal.o
    0x08000338   0x08000338   0x0000001a   Code   RO          333    i.HAL_Init          py32f002b_hal.o
    0x08000352   0x08000352   0x00000002   PAD
    0x08000354   0x08000354   0x00000060   Code   RO          334    i.HAL_InitTick      py32f002b_hal.o
    0x080003b4   0x080003b4   0x00000044   Code   RO          152    i.HAL_MspInit       py32f002b_hal_msp.o
    0x080003f8   0x080003f8   0x00000018   Code   RO         1035    i.HAL_NVIC_EnableIRQ  py32f002b_hal_cortex.o
    0x08000410   0x08000410   0x00000012   Code   RO         1039    i.HAL_NVIC_SetPriority  py32f002b_hal_cortex.o
    0x08000422   0x08000422   0x00000002   PAD
    0x08000424   0x08000424   0x0000000c   Code   RO          525    i.HAL_RCC_GetHCLKFreq  py32f002b_hal_rcc.o
    0x08000430   0x08000430   0x00000028   Code   RO          527    i.HAL_RCC_GetPCLK1Freq  py32f002b_hal_rcc.o
    0x08000458   0x08000458   0x00000038   Code   RO         1043    i.HAL_SYSTICK_Config  py32f002b_hal_cortex.o
    0x08000490   0x08000490   0x0000008a   Code   RO          813    i.HAL_UART_Init     py32f002b_hal_uart.o
    0x0800051a   0x0800051a   0x00000002   PAD
    0x0800051c   0x0800051c   0x0000008c   Code   RO          153    i.HAL_UART_MspInit  py32f002b_hal_msp.o
    0x080005a8   0x080005a8   0x000000e4   Code   RO          816    i.HAL_UART_Receive  py32f002b_hal_uart.o
    0x0800068c   0x0800068c   0x000000fe   Code   RO          820    i.HAL_UART_Transmit  py32f002b_hal_uart.o
    0x0800078a   0x0800078a   0x00000004   Code   RO          178    i.HardFault_Handler  py32f002b_it.o
    0x0800078e   0x0800078e   0x00000002   Code   RO          179    i.NMI_Handler       py32f002b_it.o
    0x08000790   0x08000790   0x00000078   Code   RO         1045    i.NVIC_SetPriority  py32f002b_hal_cortex.o
    0x08000808   0x08000808   0x00000002   Code   RO          180    i.PendSV_Handler    py32f002b_it.o
    0x0800080a   0x0800080a   0x00000002   Code   RO          181    i.SVC_Handler       py32f002b_it.o
    0x0800080c   0x0800080c   0x00000008   Code   RO          182    i.SysTick_Handler   py32f002b_it.o
    0x08000814   0x08000814   0x00000048   Code   RO           14    i.SystemInit        system_py32f002b.o
    0x0800085c   0x0800085c   0x00000038   Code   RO          824    i.UART_AdvFeatureConfig  py32f002b_hal_uart.o
    0x08000894   0x08000894   0x000001a4   Code   RO          828    i.UART_SetConfig    py32f002b_hal_uart.o
    0x08000a38   0x08000a38   0x00000070   Code   RO          830    i.UART_WaitOnFlagUntilTimeout  py32f002b_hal_uart.o
    0x08000aa8   0x08000aa8   0x0000000e   Code   RO         1152    i.__scatterload_copy  mc_p.l(handlers.o)
    0x08000ab6   0x08000ab6   0x00000002   Code   RO         1153    i.__scatterload_null  mc_p.l(handlers.o)
    0x08000ab8   0x08000ab8   0x0000000e   Code   RO         1154    i.__scatterload_zeroinit  mc_p.l(handlers.o)
    0x08000ac6   0x08000ac6   0x00000002   PAD
    0x08000ac8   0x08000ac8   0x00000078   Code   RO          112    i.main              main.o
    0x08000b40   0x08000b40   0x00000080   Data   RO           15    .constdata          system_py32f002b.o
    0x08000bc0   0x08000bc0   0x00000020   Data   RO         1150    Region$$Table       anon$$obj.o


    Execution Region RW_IRAM1 (Exec base: 0x20000000, Load base: 0x08000be0, Size: 0x00000470, Max: 0x00000c00, ABSOLUTE)

    Exec Addr    Load Addr    Size         Type   Attr      Idx    E Section Name        Object

    0x20000000   0x08000be0   0x00000004   Data   RW           16    .data               system_py32f002b.o
    0x20000004   0x08000be4   0x00000019   Data   RW          114    .data               main.o
    0x2000001d   0x08000bfd   0x00000003   PAD
    0x20000020   0x08000c00   0x0000000c   Data   RW          349    .data               py32f002b_hal.o
    0x2000002c        -       0x00000044   Zero   RW          113    .bss                main.o
    0x20000070        -       0x00000400   Zero   RW            1    STACK               startup_py32f002bxx.o


==============================================================================

Image component sizes


      Code (inc. data)   RO Data    RW Data    ZI Data      Debug   Object Name

       124         20          0         25         68       1921   main.o
       158         28          0         12          0       4021   py32f002b_hal.o
       218         26          0          0          0       9857   py32f002b_hal_cortex.o
       436          8          0          0          0       1864   py32f002b_hal_gpio.o
       208         12          0          0          0       1801   py32f002b_hal_msp.o
        52         14          0          0          0       1341   py32f002b_hal_rcc.o
      1208          6          0          0          0       6343   py32f002b_hal_uart.o
        18          0          0          0          0       2619   py32f002b_it.o
        28          8        192          0       1024        736   startup_py32f002bxx.o
       100         20        128          4          0     143672   system_py32f002b.o

    ----------------------------------------------------------------------
      2556        142        352         44       1092     174175   Object Totals
         0          0         32          0          0          0   (incl. Generated)
         6          0          0          3          0          0   (incl. Padding)

    ----------------------------------------------------------------------

      Code (inc. data)   RO Data    RW Data    ZI Data      Debug   Library Member Name

         0          0          0          0          0          0   entry.o
         0          0          0          0          0          0   entry10a.o
         0          0          0          0          0          0   entry11a.o
         8          4          0          0          0          0   entry2.o
         4          0          0          0          0          0   entry5.o
         0          0          0          0          0          0   entry7b.o
         0          0          0          0          0          0   entry8b.o
         8          4          0          0          0          0   entry9a.o
        30          0          0          0          0          0   handlers.o
        36          8          0          0          0         68   init.o
        44          0          0          0          0         72   uidiv.o

    ----------------------------------------------------------------------
       132         16          0          0          0        140   Library Totals
         2          0          0          0          0          0   (incl. Padding)

    ----------------------------------------------------------------------

      Code (inc. data)   RO Data    RW Data    ZI Data      Debug   Library Name

       130         16          0          0          0        140   mc_p.l

    ----------------------------------------------------------------------
       132         16          0          0          0        140   Library Totals

    ----------------------------------------------------------------------

==============================================================================


      Code (inc. data)   RO Data    RW Data    ZI Data      Debug   

      2688        158        352         44       1092     173455   Grand Totals
      2688        158        352         44       1092     173455   ELF Image Totals
      2688        158        352         44          0          0   ROM Totals

==============================================================================

    Total RO  Size (Code + RO Data)                 3040 (   2.97kB)
    Total RW  Size (RW Data + ZI Data)              1136 (   1.11kB)
    Total ROM Size (Code + RO Data + RW Data)       3084 (   3.01kB)

==============================================================================

